Starting server...
Scanning...
Found: name=None, address=40:E1:1A:2E:46:4B
Found: name=None, address=57:38:80:8B:64:F4
Found: name=None, address=5A:CC:64:C6:B6:AE
Found: name=None, address=40:93:15:E7:1A:7C
Found: name=None, address=74:8B:A1:1A:2B:93
Found: name=None, address=4B:C3:50:E3:A8:16
Found: name=None, address=5E:E8:BA:1A:FB:90
Found: name='LE_ULT WEAR', address=C0:59:A1:2D:26:95
Found: name=None, address=4C:E0:F0:1C:8E:19
Found: name=None, address=76:02:33:1B:13:AD
Found: name=None, address=4B:6E:D0:B4:21:55
Found: name=None, address=45:58:89:C8:61:15
Found: name=None, address=2E:F3:61:18:18:15
Found: name=None, address=71:3A:7C:C7:AC:09
Found: name=None, address=7F:1E:07:FC:89:25
Found: name=None, address=11:68:43:3E:32:0B
Found: name=None, address=45:30:ED:CB:9A:C4
Found: name=None, address=54:F0:A3:1C:B9:97
Found: name=None, address=05:67:87:A9:62:C9
Found: name=None, address=56:AA:EB:D3:79:84
Found: name='RTU-3 SA', address=00:1E:C0:5D:2E:F7
Found: name=None, address=60:85:EE:D0:48:72
Found: name=None, address=56:A9:71:FE:6E:05
Found: name='LE_ULT WEAR', address=C0:59:A1:2D:26:97
Found: name=None, address=4F:EF:8B:FC:33:E7
Found: name=None, address=72:56:4A:3D:E7:9B
Found: name=None, address=CE:52:56:5D:CA:8E
Found: name=None, address=76:1D:97:F8:5A:50
Found: name=None, address=E2:33:92:6F:F8:63
Found: name=None, address=EE:B5:61:94:1F:7A
Found: name=None, address=63:87:FF:F1:33:83
Found: name=None, address=42:BD:79:6B:76:E6
Found: name=None, address=4A:8E:99:78:F7:64
Found: name=None, address=1F:71:E9:C0:60:4C
Found: name=None, address=D0:4B:1B:51:9B:2C
Found: name=None, address=EB:01:29:03:72:EF
Found: name=None, address=4E:34:B7:85:74:EC
Found: name=None, address=4D:BD:33:D8:08:4B
Found: name=None, address=DC:7E:8F:E2:05:52
Found: name=None, address=64:74:6A:9B:0A:EF
Found: name=None, address=67:3F:97:D2:A4:C1
Found: name=None, address=58:60:9D:1E:EF:1B
Found: name=None, address=56:E8:9A:73:6D:CE
Found: name=None, address=52:26:D0:73:00:6C
Found: name=None, address=E8:4F:24:20:AA:4B
Found: name=None, address=6B:1D:4B:B8:ED:2B
Found: name=None, address=37:87:51:B6:5E:23
Found: name=None, address=63:45:5A:5F:DE:2E
Found: name=None, address=6D:01:60:93:BF:56
Found: name=None, address=5E:EE:62:0F:0E:6E
Found: name=None, address=56:78:00:7F:4A:B6
Found: name=None, address=43:C1:9E:43:28:F1
Found: name=None, address=73:E7:17:87:E2:91
Found: name=None, address=57:61:28:B5:46:14
Found: name=None, address=7B:02:B8:D7:D8:07
Found: name=None, address=6E:FF:5D:6F:A7:0B
Found: name=None, address=42:BA:34:FE:10:9E
Found: name=None, address=78:A0:CB:98:69:29
Found: name=None, address=69:5B:19:9E:CA:66
Found: name=None, address=67:CA:C8:E2:A5:4D
Found: name=None, address=52:73:4A:3C:41:F2
Found: name=None, address=79:84:CA:25:53:DF
Found: name=None, address=51:CE:2A:0D:EC:94
Found: name=None, address=56:A6:D7:B1:42:B5
Found: name=None, address=49:0E:EF:AA:57:8B
Found: name=None, address=5E:1E:F8:CE:52:AC
Found: name=None, address=76:B2:B9:1E:16:DF
Found: name=None, address=5F:37:94:B8:6C:AE
Found: name='IMC2510', address=75:99:25:7A:5B:BF
Found: name=None, address=56:74:1D:5C:2E:26
Found: name=None, address=E7:4A:10:38:83:34
Found: name=None, address=5F:75:6B:5B:F1:7C
Found: name=None, address=D1:3F:EA:FB:C3:B9
Found: name=None, address=45:30:1E:7F:C0:77
Found: name=None, address=4D:59:2A:AC:2A:52
Found: name=None, address=7E:8F:CE:D3:63:BE
Found: name='LE_WH-1000XM5', address=74:DB:71:5F:9E:4B
Found: name=None, address=DF:55:12:AD:C4:EC
Found: name=None, address=73:F6:25:52:88:4A
Found: name='ZEPHYRUS-L', address=45:BF:25:35:C4:44
Found: name=None, address=65:63:C3:B1:50:9E
Found: name=None, address=70:3C:8E:9F:B2:D1
Found: name=None, address=71:B4:3C:E9:7F:55
Found: name=None, address=61:AA:DD:FE:2E:D8
Found: name=None, address=19:51:C1:B7:CE:E3
Found: name=None, address=F2:14:87:2F:31:6D
Found: name=None, address=3A:EC:25:95:85:05
Found: name=None, address=D9:6A:66:E8:1D:4E
Found: name=None, address=CD:50:BC:24:10:7A
Found: name=None, address=66:DE:A7:8E:91:A9
Found: name=None, address=7D:BC:75:0A:FF:7B
Found: name=None, address=3C:51:62:2D:18:5F
Found: name=None, address=CD:73:11:B5:6E:52
Found: name=None, address=49:CB:D2:31:90:4E
Found: name=None, address=51:EA:37:72:ED:B2
Found: name=None, address=7A:C4:77:2A:05:8F
Found: name=None, address=11:B1:A3:F7:37:92
Found: name=None, address=4D:EE:22:94:FD:C9
Found: name=None, address=46:5C:60:72:BB:78
Found: name=None, address=7B:57:0B:DD:F1:10
Found: name=None, address=41:68:22:8C:F2:F8
Found: name=None, address=76:E3:CA:E6:DF:32
Found: name=None, address=79:4E:3F:3B:D4:B4
Found: name=None, address=4D:0E:CF:FD:0E:9C
Found: name='AHU-3 OA', address=00:1E:C0:5F:73:C0
Found: name=None, address=66:0D:58:F6:FA:D4
Found: name=None, address=13:DA:D6:6B:41:F2
Found: name=None, address=78:DD:52:8D:87:50
Found: name=None, address=7E:E0:60:EB:2C:EF
Found: name=None, address=40:C8:D2:78:FF:3D
Found: name=None, address=E1:79:1B:8A:43:19
Found: name=None, address=73:AC:2A:40:A3:BF
Found: name=None, address=70:A0:4E:0C:CA:35
Found: name=None, address=74:F9:B3:70:3B:CF
Found: name=None, address=4E:4E:16:54:0C:CD
Found: name=None, address=C8:FC:C8:9F:1D:AB
Found: name=None, address=56:3E:96:40:9F:E2
Found: name=None, address=7F:79:3D:61:49:3B
Found: name=None, address=68:4F:1B:AC:18:E0
Found: name=None, address=CF:D2:9D:3C:17:04
Found: name=None, address=6E:56:AD:C3:54:0A
Found: name=None, address=71:77:48:6C:5C:33
Found: name='RTU-3 RA', address=00:1E:C0:5D:32:41
Found: name=None, address=E2:88:95:09:E6:AB
Found: name=None, address=6C:8B:CA:D8:07:22
Found: name=None, address=5A:E8:FB:43:54:FB
Found: name=None, address=78:DE:E8:59:4A:1A
Found: name=None, address=77:D4:D9:43:AF:D4
Found: name=None, address=41:CE:79:AB:EC:A1
Found: name='LE-ULT WEAR', address=C8:0E:CE:3C:D6:8D
Found: name=None, address=46:01:7F:36:1D:92
Found: name=None, address=FC:A6:39:7F:43:9A
Found: name=None, address=C0:ED:2A:93:37:4A
Found: name=None, address=7D:A7:BF:94:F1:30
Found: name=None, address=E3:C9:D5:4C:B5:FE
Found: name=None, address=76:F5:55:CE:7D:3D
Found: name=None, address=F5:1B:25:A0:7E:36
Found: name=None, address=F0:1A:A0:6E:64:E5
Found: name=None, address=6C:BD:A9:95:23:0C
Found: name=None, address=FC:EE:9D:3E:2E:C3
Found: name=None, address=50:A2:D7:D0:63:3C
Found: name=None, address=7C:0A:A5:81:D5:40
Found: name=None, address=4D:92:98:9F:83:08
Found: name=None, address=64:DB:14:61:60:A8
Found: name=None, address=74:91:7E:3B:3B:81
Found: name=None, address=40:15:30:59:DB:36
Found: name=None, address=5F:A9:0A:8B:73:D8
Found: name=None, address=5D:2C:C3:87:14:C8
Found: name=None, address=48:6E:EC:50:C1:3F
Found: name=None, address=49:FF:AB:FC:45:7A
Found: name=None, address=47:4A:B0:C7:97:FE
Found: name=None, address=69:BF:1B:7C:91:26
Found: name=None, address=52:FC:04:62:E1:F8
Found: name=None, address=D4:D8:1C:49:54:D5
Found: name=None, address=51:EC:59:90:3F:FD
Found: name=None, address=6A:B2:6B:A7:5A:A3
Found: name=None, address=EF:63:2E:F2:A4:28
Found: name=None, address=63:F3:08:B3:52:46
Found: name=None, address=F1:E8:15:D6:1F:EF
Found: name=None, address=76:8F:31:B7:DD:16
Found: name=None, address=47:99:37:00:1D:75
Found: name=None, address=77:CC:8A:CD:3D:07
Found: name=None, address=65:18:59:38:D0:F6
Found: name=None, address=EC:C0:ED:9C:CC:75
Found: name=None, address=E4:B9:0F:E9:4C:B9
Found: name=None, address=60:E8:1E:7C:46:BC
Found: name=None, address=EB:60:94:33:85:E6
Found: name=None, address=F9:71:C8:A5:27:FB
Found: name=None, address=F4:70:54:52:31:17
Found: name=None, address=52:0B:48:78:69:A4
Found: name=None, address=57:C2:18:09:63:FA
Found: name=None, address=D0:BC:89:1D:BB:1F
Found: name=None, address=32:CD:61:FE:8C:E2
Found: name=None, address=75:0D:87:6B:1E:28
Found: name=None, address=7B:10:C5:BE:74:A1
Found: name=None, address=7E:70:4B:31:F3:9C
Found: name=None, address=67:38:C8:3B:56:2A
Found: name=None, address=C7:9F:24:DC:E4:EF
Found: name=None, address=65:ED:DD:32:E0:63
Found: name=None, address=6B:5A:5E:15:5A:3A
Found: name=None, address=5B:0B:36:32:08:D4
Found: name=None, address=4B:F1:98:6C:6E:F8
Found: name=None, address=5C:88:B9:59:CA:04
Found: name=None, address=EE:5E:08:64:A6:1C
Found: name=None, address=6E:B9:62:09:06:68
Found: name=None, address=68:1A:4A:E5:76:C8
Found: name=None, address=4F:15:75:4F:C6:34
Found: name=None, address=E2:64:8D:95:50:E0
Found: name=None, address=00:D5:61:49:F7:7A
Found: name=None, address=62:41:8D:73:47:3B
Found: name=None, address=44:97:6C:DB:ED:A7
Found: name=None, address=7D:B0:C1:5D:CA:9F
Found: name=None, address=4F:C6:12:3E:0D:FD
Found: name=None, address=EF:82:8C:14:B9:02
Found: name=None, address=7B:62:49:53:3A:D9
Found: name=None, address=73:3F:47:DC:71:B5
Found: name=None, address=CC:C2:C8:5B:0C:5A
Found: name=None, address=60:84:50:3D:33:DD
Found: name=None, address=C0:D4:7C:FF:F8:94
Found: name=None, address=D9:77:9C:E2:4B:5D
Found: name=None, address=5A:CA:04:C7:86:58
Found: name=None, address=64:C4:BD:C8:F3:86
Found: name=None, address=60:3F:FC:50:3C:73
Found: name=None, address=F0:0C:5C:B5:F1:CC
Found: name=None, address=4F:B6:79:19:04:30
Found: name=None, address=4E:26:3B:FB:63:D6
Found: name=None, address=7B:3B:8D:FE:F5:CC
Found: name=None, address=D3:1F:03:1F:AB:1B
Found: name=None, address=58:22:A2:57:96:E4
Found: name=None, address=F0:A6:BF:11:DF:4A
Found: name=None, address=F6:81:B1:AA:E6:EC
Found: name=None, address=C3:49:C1:73:B8:CB
Found: name=None, address=DB:1D:50:BE:35:50
Found: name=None, address=D5:73:16:01:B0:1F
Found: name=None, address=61:41:5E:08:FC:DB
Found: name=None, address=4E:77:04:89:92:E2
Found: name=None, address=73:08:AC:E1:39:7D
Found: name=None, address=6C:FF:A8:D1:41:49
Found: name=None, address=50:E3:90:AB:98:FC
Found: name=None, address=58:E2:7B:59:6E:13
Found: name=None, address=DF:25:D4:41:A3:40
Found: name=None, address=52:A0:9F:EE:3F:64
Found: name=None, address=D3:C9:C4:16:3C:DB
Found: name=None, address=52:BE:FC:F9:04:5F
Found: name=None, address=7D:E3:49:AB:E2:8E
Found: name=None, address=ED:7F:FF:BE:2F:49
Found: name=None, address=C1:B1:43:B3:B6:C4
Found: name=None, address=6F:03:EF:B6:8D:72
Found: name=None, address=CE:8E:77:3F:6A:04
Found: name=None, address=CA:9A:82:83:31:ED
Found: name=None, address=73:33:3B:8C:71:21
Found: name=None, address=C9:B6:DF:EE:81:EB
Found: name=None, address=EE:F0:4B:81:25:91
Found: name=None, address=39:9C:C8:8E:B9:D2
Found: name=None, address=FB:5E:5F:C6:7A:0D
Found: name=None, address=FD:DF:D1:0C:AB:62
Found: name=None, address=5B:4C:75:74:8D:8D
Found: name=None, address=D9:CB:E3:69:2A:BD
Found: name=None, address=58:F9:66:55:4B:90
Found: name=None, address=88:C6:26:BD:26:4D
Found: name=None, address=E2:71:E2:3F:87:EA
Found: name=None, address=44:7A:F3:C5:A0:08
Found: name='Govee_H617C_154F', address=D1:C7:C1:86:15:4F
Found: name=None, address=D2:54:EA:94:F3:58
Found: name=None, address=F0:1A:A0:6E:68:3F
Found: name=None, address=CC:6A:21:E1:AB:23
Found: name=None, address=ED:F3:7C:8D:09:C2
Found: name=None, address=50:F1:52:85:82:B9
Found: name=None, address=DA:DC:2F:E4:A7:0F
Found: name=None, address=FA:E7:39:79:62:F2
Found: name=None, address=78:1F:F2:81:FE:A7
Found: name=None, address=CF:56:A5:70:B7:ED
Found: name=None, address=ED:A2:88:F0:1C:30
Found: name=None, address=FF:B2:D3:F6:AC:13
Found: name=None, address=CE:AE:7F:29:09:A8
Found: name=None, address=79:51:96:B3:19:47
Found: name=None, address=C9:62:A6:A4:60:CD
Initial connection failed: RuntimeError('No Bangle.js found')
Server will still start and reconnect on first /tips request.
 * Serving Flask app 'bangle_server'
 * Debug mode: off
WARNING: This is a development server. Do not use it in a production deployment. Use a production WSGI server instead.
 * Running on all addresses (0.0.0.0)
 * Running on http://127.0.0.1:5007
 * Running on http://10.250.99.248:5007
Press CTRL+C to quit
